// Jest Snapshot v1, https://goo.gl/fbAQLP

exports[`Creating new FK should match snapshot 1`] = `undefined`;
