// Jest Snapshot v1, https://goo.gl/fbAQLP

exports[`waveform-filter query should have a waveform filter query and mutation 1`] = `
Array [
  Object {
    "description": "Hamming FIR Filter Band Pass, 0.70-2.00 Hz",
    "filterCausality": "CAUSAL",
    "filterPassBandType": "BAND_PASS",
    "filterSource": "SYSTEM",
    "filterType": "FIR_HAMMING",
    "groupDelaySecs": 1.2,
    "highFrequencyHz": 2,
    "id": "48fd578e-e428-43ff-9f9e-62598e7e6ce6",
    "lowFrequencyHz": 0.7,
    "name": "HAM FIR BP 0.70-2.00 Hz",
    "order": 48,
    "sampleRate": 20,
    "sampleRateTolerance": 0.05,
    "validForSampleRate": "true",
    "zeroPhase": "false",
  },
  Object {
    "description": "Hamming FIR Filter Band Pass, 0.70-2.00 Hz",
    "filterCausality": "CAUSAL",
    "filterPassBandType": "BAND_PASS",
    "filterSource": "SYSTEM",
    "filterType": "FIR_HAMMING",
    "groupDelaySecs": 0.6,
    "highFrequencyHz": 2,
    "id": "0351d87a-fde9-43e2-8754-84a1d797fbc1",
    "lowFrequencyHz": 0.7,
    "name": "HAM FIR BP 0.70-2.00 Hz",
    "order": 48,
    "sampleRate": 40,
    "sampleRateTolerance": 0.05,
    "validForSampleRate": "true",
    "zeroPhase": "false",
  },
  Object {
    "description": "Hamming FIR Filter Band Pass, 1.00-3.00 Hz",
    "filterCausality": "CAUSAL",
    "filterPassBandType": "BAND_PASS",
    "filterSource": "SYSTEM",
    "filterType": "FIR_HAMMING",
    "groupDelaySecs": 1.2,
    "highFrequencyHz": 3,
    "id": "56893621-d9a1-4cfd-830a-13969f9d2aad",
    "lowFrequencyHz": 1,
    "name": "HAM FIR BP 1.00-3.00 Hz",
    "order": 48,
    "sampleRate": 20,
    "sampleRateTolerance": 0.05,
    "validForSampleRate": "true",
    "zeroPhase": "false",
  },
  Object {
    "description": "Hamming FIR Filter Band Pass, 1.00-3.00 Hz",
    "filterCausality": "CAUSAL",
    "filterPassBandType": "BAND_PASS",
    "filterSource": "SYSTEM",
    "filterType": "FIR_HAMMING",
    "groupDelaySecs": 0.6,
    "highFrequencyHz": 3,
    "id": "8bab76bd-db1a-4226-a151-786577adb3d8",
    "lowFrequencyHz": 1,
    "name": "HAM FIR BP 1.00-3.00 Hz",
    "order": 48,
    "sampleRate": 40,
    "sampleRateTolerance": 0.05,
    "validForSampleRate": "true",
    "zeroPhase": "false",
  },
  Object {
    "description": "Hamming FIR Filter Band Pass, 4.00-8.00 Hz",
    "filterCausality": "CAUSAL",
    "filterPassBandType": "BAND_PASS",
    "filterSource": "SYSTEM",
    "filterType": "FIR_HAMMING",
    "groupDelaySecs": 1.19999999999,
    "highFrequencyHz": 8,
    "id": "db5e61a0-b8dc-48a7-b56c-5e497925e89c",
    "lowFrequencyHz": 4,
    "name": "HAM FIR BP 4.00-8.00 Hz",
    "order": 48,
    "sampleRate": 20,
    "sampleRateTolerance": 0.05,
    "validForSampleRate": "true",
    "zeroPhase": "false",
  },
  Object {
    "description": "Hamming FIR Filter Band Pass, 4.00-8.00 Hz",
    "filterCausality": "CAUSAL",
    "filterPassBandType": "BAND_PASS",
    "filterSource": "SYSTEM",
    "filterType": "FIR_HAMMING",
    "groupDelaySecs": 0.6,
    "highFrequencyHz": 8,
    "id": "b92d6ade-3e69-42b6-82e5-f9290f50120f",
    "lowFrequencyHz": 4,
    "name": "HAM FIR BP 4.00-8.00 Hz",
    "order": 48,
    "sampleRate": 40,
    "sampleRateTolerance": 0.05,
    "validForSampleRate": "true",
    "zeroPhase": "false",
  },
]
`;
