// Jest Snapshot v1, https://goo.gl/fbAQLP

exports[`FkThumbnails renders & matches snapshot 1`] = `
<div
  className="fk-thumbnail "
  onClick={[MockFunction]}
  onContextMenu={[Function]}
  style={
    Object {
      "height": "200px",
      "width": "200px",
    }
  }
>
  <div
    className="fk-thumbnail__label--reviewed"
  >
    USRK P
  </div>
  <canvas
    className="fk-thumbnail__canvas"
    height={200}
    width={200}
  />
</div>
`;
